Archive member included to satisfy reference by file (symbol)

/usr/lib/gcc/arm-none-eabi/13.2.1/libgcc.a(_udivsi3.o)
                              build/stdio.o (__aeabi_uidiv)
/usr/lib/gcc/arm-none-eabi/13.2.1/libgcc.a(_dvmd_tls.o)
                              /usr/lib/gcc/arm-none-eabi/13.2.1/libgcc.a(_udivsi3.o) (__aeabi_idiv0)

There are no discarded input sections

Memory Configuration

Name             Origin             Length             Attributes
*default*        0x00000000         0xffffffff

Linker script and memory map

LOAD build/Entry.os
LOAD build/Handler.o
LOAD build/Main.o
LOAD build/Interrupt.o
LOAD build/Regs.o
LOAD build/Timer.o
LOAD build/Uart.o
LOAD build/armcpu.o
LOAD build/stdio.o
LOAD build/stdlib.o
LOAD build/event.o
LOAD build/kernel.o
LOAD build/msg.o
LOAD build/synch.o
LOAD build/task.o
LOAD /usr/lib/gcc/arm-none-eabi/13.2.1/libgcc.a
                0x00000000                        . = 0x0

.text           0x00000000     0x2350
 *(vector_start)
 *(.text .rodata)
 .text          0x00000000       0xd4 build/Entry.os
                0x00000000                vector_start
                0x0000003c                vector_end
 .text          0x000000d4       0x24 build/Handler.o
                0x000000d4                irq_handler
                0x000000f0                fiq_handler
 .text          0x000000f8      0x4f4 build/Main.o
                0x000000f8                main
                0x0000030c                user_task0
                0x00000488                user_task1
                0x00000544                user_task2
 .rodata        0x000005ec      0x1d1 build/Main.o
 *fill*         0x000007bd        0x3 
 .text          0x000007c0      0x2f8 build/Interrupt.o
                0x000007c0                hal_interrupt_init
                0x0000085c                hal_interrupt_enable
                0x00000928                hal_interrupt_disable
                0x000009fc                hal_interrupt_register_handler
                0x00000a34                hal_interrupt_run_handler
 .text          0x00000ab8        0x0 build/Regs.o
 .text          0x00000ab8      0x210 build/Timer.o
                0x00000ab8                hal_timer_init
                0x00000c5c                hal_timer_get_1ms_counter
 .text          0x00000cc8      0x1f8 build/Uart.o
                0x00000cc8                hal_uart_init
                0x00000d68                hal_uart_put_char
                0x00000dc4                hal_uart_get_char
 .text          0x00000ec0       0xb0 build/armcpu.o
                0x00000ec0                enable_irq
                0x00000eec                disable_irq
                0x00000f18                enable_fiq
                0x00000f44                disable_fiq
 .text          0x00000f70      0x424 build/stdio.o
                0x00000f70                putstr
                0x00000fd0                debug_printf
                0x00001020                vsprintf
                0x00001280                utoa
 .rodata        0x00001394        0x7 build/stdio.o
 *fill*         0x0000139b        0x1 
 .text          0x0000139c       0xa8 build/stdlib.o
                0x0000139c                delay
                0x000013e8                memclr
 .text          0x00001444       0xf8 build/event.o
                0x00001444                kernel_event_flag_init
                0x0000146c                kernel_event_flag_set
                0x000014ac                kernel_event_flag_clear
                0x000014f0                kernel_event_flag_check
 .text          0x0000153c      0x3cc build/kernel.o
                0x0000153c                kernel_start
                0x00001550                kernel_yield
                0x00001564                kernel_send_events
                0x000015ec                kernel_wait_events
                0x00001688                kernel_send_msg
                0x0000174c                kernel_recv_msg
                0x000017e0                kernel_flush_msg
                0x00001838                kernel_lock_sem
                0x0000186c                kernel_unlock_sem
                0x00001880                kernel_lock_mutex
                0x000018c8                kernel_unlock_mutex
 .text          0x00001908      0x3e8 build/msg.o
                0x00001908                kernel_msgQ_init
                0x000019b4                kernel_msgQ_is_empty
                0x00001a38                kernel_msgQ_is_full
                0x00001ac4                kernel_msgQ_enqueue
                0x00001bb0                kernel_msgQ_dequeue
                0x00001c8c                kernel_msgQ_count
 .text          0x00001cf0      0x224 build/synch.o
                0x00001cf0                kernel_sem_init
                0x00001d68                kernel_sem_test
                0x00001dbc                kernel_sem_release
                0x00001e28                kernel_mutex_init
                0x00001e60                kernel_mutex_lock
                0x00001ec0                kernel_mutex_unlock
 .text          0x00001f14      0x324 build/task.o
                0x00001f14                kernel_task_init
                0x00002020                kernel_task_create
                0x000020b4                kernel_task_scheduler
                0x00002104                kernel_task_context_switching
                0x000021d0                kernel_task_start
                0x0000220c                kernel_task_get_current_task_id
 .text          0x00002238      0x114 /usr/lib/gcc/arm-none-eabi/13.2.1/libgcc.a(_udivsi3.o)
                0x00002238                __udivsi3
                0x00002238                __aeabi_uidiv
                0x0000232c                __aeabi_uidivmod
 .text          0x0000234c        0x4 /usr/lib/gcc/arm-none-eabi/13.2.1/libgcc.a(_dvmd_tls.o)
                0x0000234c                __aeabi_ldiv0
                0x0000234c                __aeabi_idiv0

.glue_7         0x00002350        0x0
 .glue_7        0x00002350        0x0 linker stubs

.glue_7t        0x00002350        0x0
 .glue_7t       0x00002350        0x0 linker stubs

.vfp11_veneer   0x00002350        0x0
 .vfp11_veneer  0x00002350        0x0 linker stubs

.v4_bx          0x00002350        0x0
 .v4_bx         0x00002350        0x0 linker stubs

.iplt           0x00002350        0x0
 .iplt          0x00002350        0x0 build/Entry.os

.rel.dyn        0x00002350        0x0
 .rel.iplt      0x00002350        0x0 build/Entry.os

.data           0x00002350       0x10
 *(.data)
 .data          0x00002350        0x0 build/Entry.os
 .data          0x00002350        0x0 build/Handler.o
 .data          0x00002350        0x0 build/Main.o
 .data          0x00002350        0x0 build/Interrupt.o
 .data          0x00002350       0x10 build/Regs.o
                0x00002350                uart
                0x00002354                gicCpu
                0x00002358                gicDist
                0x0000235c                timer
 .data          0x00002360        0x0 build/Timer.o
 .data          0x00002360        0x0 build/Uart.o
 .data          0x00002360        0x0 build/armcpu.o
 .data          0x00002360        0x0 build/stdio.o
 .data          0x00002360        0x0 build/stdlib.o
 .data          0x00002360        0x0 build/event.o
 .data          0x00002360        0x0 build/kernel.o
 .data          0x00002360        0x0 build/msg.o
 .data          0x00002360        0x0 build/synch.o
 .data          0x00002360        0x0 build/task.o
 .data          0x00002360        0x0 /usr/lib/gcc/arm-none-eabi/13.2.1/libgcc.a(_udivsi3.o)
 .data          0x00002360        0x0 /usr/lib/gcc/arm-none-eabi/13.2.1/libgcc.a(_dvmd_tls.o)

.igot.plt       0x00002360        0x0
 .igot.plt      0x00002360        0x0 build/Entry.os

.bss            0x00002360     0x1040
 *(.bss)
 .bss           0x00002360        0x0 build/Entry.os
 .bss           0x00002360        0x0 build/Handler.o
 .bss           0x00002360        0x4 build/Main.o
 .bss           0x00002364      0x3fc build/Interrupt.o
 .bss           0x00002760        0x0 build/Regs.o
 .bss           0x00002760        0x4 build/Timer.o
 .bss           0x00002764        0x0 build/Uart.o
 .bss           0x00002764        0x0 build/armcpu.o
 .bss           0x00002764      0x400 build/stdio.o
 .bss           0x00002b64        0x0 build/stdlib.o
 .bss           0x00002b64        0x4 build/event.o
 .bss           0x00002b68        0x0 build/kernel.o
 .bss           0x00002b68      0x618 build/msg.o
                0x00002b68                msgQ
 .bss           0x00003180       0x10 build/synch.o
 .bss           0x00003190      0x210 build/task.o
 .bss           0x000033a0        0x0 /usr/lib/gcc/arm-none-eabi/13.2.1/libgcc.a(_udivsi3.o)
 .bss           0x000033a0        0x0 /usr/lib/gcc/arm-none-eabi/13.2.1/libgcc.a(_dvmd_tls.o)
OUTPUT(build/navilos.axf elf32-littlearm)
LOAD linker stubs

.ARM.attributes
                0x00000000       0x2b
 .ARM.attributes
                0x00000000       0x1d build/Entry.os
 .ARM.attributes
                0x0000001d       0x2f build/Handler.o
 .ARM.attributes
                0x0000004c       0x2f build/Main.o
 .ARM.attributes
                0x0000007b       0x2f build/Interrupt.o
 .ARM.attributes
                0x000000aa       0x2f build/Regs.o
 .ARM.attributes
                0x000000d9       0x2f build/Timer.o
 .ARM.attributes
                0x00000108       0x2f build/Uart.o
 .ARM.attributes
                0x00000137       0x2f build/armcpu.o
 .ARM.attributes
                0x00000166       0x2f build/stdio.o
 .ARM.attributes
                0x00000195       0x2f build/stdlib.o
 .ARM.attributes
                0x000001c4       0x2f build/event.o
 .ARM.attributes
                0x000001f3       0x2f build/kernel.o
 .ARM.attributes
                0x00000222       0x2f build/msg.o
 .ARM.attributes
                0x00000251       0x2f build/synch.o
 .ARM.attributes
                0x00000280       0x2f build/task.o
 .ARM.attributes
                0x000002af       0x1c /usr/lib/gcc/arm-none-eabi/13.2.1/libgcc.a(_udivsi3.o)
 .ARM.attributes
                0x000002cb       0x1c /usr/lib/gcc/arm-none-eabi/13.2.1/libgcc.a(_dvmd_tls.o)

.comment        0x00000000       0x26
 .comment       0x00000000       0x26 build/Handler.o
                                 0x27 (size before relaxing)
 .comment       0x00000026       0x27 build/Main.o
 .comment       0x00000026       0x27 build/Interrupt.o
 .comment       0x00000026       0x27 build/Regs.o
 .comment       0x00000026       0x27 build/Timer.o
 .comment       0x00000026       0x27 build/Uart.o
 .comment       0x00000026       0x27 build/armcpu.o
 .comment       0x00000026       0x27 build/stdio.o
 .comment       0x00000026       0x27 build/stdlib.o
 .comment       0x00000026       0x27 build/event.o
 .comment       0x00000026       0x27 build/kernel.o
 .comment       0x00000026       0x27 build/msg.o
 .comment       0x00000026       0x27 build/synch.o
 .comment       0x00000026       0x27 build/task.o

.debug_line     0x00000000      0xff5
 .debug_line    0x00000000       0x7a build/Entry.os
 .debug_line    0x0000007a       0x60 build/Handler.o
 .debug_line    0x000000da      0x21d build/Main.o
 .debug_line    0x000002f7      0x139 build/Interrupt.o
 .debug_line    0x00000430       0x69 build/Regs.o
 .debug_line    0x00000499       0xf7 build/Timer.o
 .debug_line    0x00000590      0x14b build/Uart.o
 .debug_line    0x000006db       0x6d build/armcpu.o
 .debug_line    0x00000748      0x193 build/stdio.o
 .debug_line    0x000008db       0x97 build/stdlib.o
 .debug_line    0x00000972       0x8e build/event.o
 .debug_line    0x00000a00      0x1f0 build/kernel.o
 .debug_line    0x00000bf0      0x139 build/msg.o
 .debug_line    0x00000d29       0xe0 build/synch.o
 .debug_line    0x00000e09      0x13b build/task.o
 .debug_line    0x00000f44       0x67 /usr/lib/gcc/arm-none-eabi/13.2.1/libgcc.a(_udivsi3.o)
 .debug_line    0x00000fab       0x4a /usr/lib/gcc/arm-none-eabi/13.2.1/libgcc.a(_dvmd_tls.o)

.debug_line_str
                0x00000000       0xa8
 .debug_line_str
                0x00000000       0xa8 build/Entry.os
                                 0x2a (size before relaxing)
 .debug_line_str
                0x000000a8       0x7e /usr/lib/gcc/arm-none-eabi/13.2.1/libgcc.a(_udivsi3.o)
 .debug_line_str
                0x000000a8       0x7e /usr/lib/gcc/arm-none-eabi/13.2.1/libgcc.a(_dvmd_tls.o)

.debug_info     0x00000000     0x3aeb
 .debug_info    0x00000000       0x25 build/Entry.os
 .debug_info    0x00000025       0x8b build/Handler.o
 .debug_info    0x000000b0      0x559 build/Main.o
 .debug_info    0x00000609      0x5b5 build/Interrupt.o
 .debug_info    0x00000bbe      0xfc9 build/Regs.o
 .debug_info    0x00001b87      0x29f build/Timer.o
 .debug_info    0x00001e26      0xb1f build/Uart.o
 .debug_info    0x00002945       0x67 build/armcpu.o
 .debug_info    0x000029ac      0x2b0 build/stdio.o
 .debug_info    0x00002c5c       0xf9 build/stdlib.o
 .debug_info    0x00002d55      0x222 build/event.o
 .debug_info    0x00002f77      0x4af build/kernel.o
 .debug_info    0x00003426      0x249 build/msg.o
 .debug_info    0x0000366f      0x18a build/synch.o
 .debug_info    0x000037f9      0x278 build/task.o
 .debug_info    0x00003a71       0x3e /usr/lib/gcc/arm-none-eabi/13.2.1/libgcc.a(_udivsi3.o)
 .debug_info    0x00003aaf       0x3c /usr/lib/gcc/arm-none-eabi/13.2.1/libgcc.a(_dvmd_tls.o)

.debug_abbrev   0x00000000     0x1193
 .debug_abbrev  0x00000000       0x14 build/Entry.os
 .debug_abbrev  0x00000014       0x6f build/Handler.o
 .debug_abbrev  0x00000083      0x1b6 build/Main.o
 .debug_abbrev  0x00000239      0x1bd build/Interrupt.o
 .debug_abbrev  0x000003f6      0x121 build/Regs.o
 .debug_abbrev  0x00000517      0x160 build/Timer.o
 .debug_abbrev  0x00000677      0x218 build/Uart.o
 .debug_abbrev  0x0000088f       0x2f build/armcpu.o
 .debug_abbrev  0x000008be      0x151 build/stdio.o
 .debug_abbrev  0x00000a0f       0xd8 build/stdlib.o
 .debug_abbrev  0x00000ae7       0xdf build/event.o
 .debug_abbrev  0x00000bc6      0x17f build/kernel.o
 .debug_abbrev  0x00000d45      0x167 build/msg.o
 .debug_abbrev  0x00000eac      0x110 build/synch.o
 .debug_abbrev  0x00000fbc      0x189 build/task.o
 .debug_abbrev  0x00001145       0x28 /usr/lib/gcc/arm-none-eabi/13.2.1/libgcc.a(_udivsi3.o)
 .debug_abbrev  0x0000116d       0x26 /usr/lib/gcc/arm-none-eabi/13.2.1/libgcc.a(_dvmd_tls.o)

.debug_aranges  0x00000000      0x218
 .debug_aranges
                0x00000000       0x20 build/Entry.os
 .debug_aranges
                0x00000020       0x20 build/Handler.o
 .debug_aranges
                0x00000040       0x20 build/Main.o
 .debug_aranges
                0x00000060       0x20 build/Interrupt.o
 .debug_aranges
                0x00000080       0x18 build/Regs.o
 .debug_aranges
                0x00000098       0x20 build/Timer.o
 .debug_aranges
                0x000000b8       0x20 build/Uart.o
 .debug_aranges
                0x000000d8       0x20 build/armcpu.o
 .debug_aranges
                0x000000f8       0x20 build/stdio.o
 .debug_aranges
                0x00000118       0x20 build/stdlib.o
 .debug_aranges
                0x00000138       0x20 build/event.o
 .debug_aranges
                0x00000158       0x20 build/kernel.o
 .debug_aranges
                0x00000178       0x20 build/msg.o
 .debug_aranges
                0x00000198       0x20 build/synch.o
 .debug_aranges
                0x000001b8       0x20 build/task.o
 .debug_aranges
                0x000001d8       0x20 /usr/lib/gcc/arm-none-eabi/13.2.1/libgcc.a(_udivsi3.o)
 .debug_aranges
                0x000001f8       0x20 /usr/lib/gcc/arm-none-eabi/13.2.1/libgcc.a(_dvmd_tls.o)

.debug_str      0x00000000     0x1259
 .debug_str     0x00000000     0x1259 build/Entry.os
                                 0x36 (size before relaxing)
 .debug_str     0x00001259      0x123 build/Handler.o
 .debug_str     0x00001259      0x71c build/Main.o
 .debug_str     0x00001259      0x3b4 build/Interrupt.o
 .debug_str     0x00001259      0x69d build/Regs.o
 .debug_str     0x00001259      0x292 build/Timer.o
 .debug_str     0x00001259      0x875 build/Uart.o
 .debug_str     0x00001259       0xb4 build/armcpu.o
 .debug_str     0x00001259      0x18a build/stdio.o
 .debug_str     0x00001259      0x132 build/stdlib.o
 .debug_str     0x00001259      0x4e8 build/event.o
 .debug_str     0x00001259      0x6c5 build/kernel.o
 .debug_str     0x00001259      0x1f8 build/msg.o
 .debug_str     0x00001259      0x199 build/synch.o
 .debug_str     0x00001259      0x257 build/task.o
 .debug_str     0x00001259       0xa5 /usr/lib/gcc/arm-none-eabi/13.2.1/libgcc.a(_udivsi3.o)
 .debug_str     0x00001259       0xa6 /usr/lib/gcc/arm-none-eabi/13.2.1/libgcc.a(_dvmd_tls.o)

.debug_frame    0x00000000      0x948
 .debug_frame   0x00000000       0x50 build/Handler.o
 .debug_frame   0x00000050      0x11c build/Main.o
 .debug_frame   0x0000016c       0xb0 build/Interrupt.o
 .debug_frame   0x0000021c       0x70 build/Timer.o
 .debug_frame   0x0000028c       0x8c build/Uart.o
 .debug_frame   0x00000318       0x90 build/armcpu.o
 .debug_frame   0x000003a8       0xac build/stdio.o
 .debug_frame   0x00000454       0x50 build/stdlib.o
 .debug_frame   0x000004a4       0x90 build/event.o
 .debug_frame   0x00000534      0x160 build/kernel.o
 .debug_frame   0x00000694       0xd0 build/msg.o
 .debug_frame   0x00000764       0xd0 build/synch.o
 .debug_frame   0x00000834       0xf4 build/task.o
 .debug_frame   0x00000928       0x20 /usr/lib/gcc/arm-none-eabi/13.2.1/libgcc.a(_udivsi3.o)
