Archive member included to satisfy reference by file (symbol)

/usr/lib/gcc/arm-none-eabi/13.2.1/libgcc.a(_udivsi3.o)
                              build/stdio.o (__aeabi_uidiv)
/usr/lib/gcc/arm-none-eabi/13.2.1/libgcc.a(_dvmd_tls.o)
                              /usr/lib/gcc/arm-none-eabi/13.2.1/libgcc.a(_udivsi3.o) (__aeabi_idiv0)

There are no discarded input sections

Memory Configuration

Name             Origin             Length             Attributes
*default*        0x00000000         0xffffffff

Linker script and memory map

LOAD build/Entry.os
LOAD build/Main.o
LOAD build/Regs.o
LOAD build/Uart.o
LOAD build/stdio.o
LOAD /usr/lib/gcc/arm-none-eabi/13.2.1/libgcc.a
                0x00000000                        . = 0x0

.text           0x00000000      0x954
 *(vector_start)
 *(.text .rodata)
 .text          0x00000000       0xd4 build/Entry.os
                0x00000000                vector_start
                0x0000003c                vector_end
 .text          0x000000d4      0x13c build/Main.o
                0x000000d4                main
 .rodata        0x00000210       0x97 build/Main.o
 .text          0x000002a7        0x0 build/Regs.o
 *fill*         0x000002a7        0x1 
 .text          0x000002a8      0x158 build/Uart.o
                0x000002a8                hal_uart_init
                0x00000320                hal_uart_put_char
                0x0000037c                hal_uart_get_char
 .text          0x00000400      0x434 build/stdio.o
                0x00000400                putstr
                0x00000460                debug_printf
                0x000004b0                vsprintf
                0x00000710                utoa
 .rodata        0x00000834        0x7 build/stdio.o
 *fill*         0x0000083b        0x1 
 .text          0x0000083c      0x114 /usr/lib/gcc/arm-none-eabi/13.2.1/libgcc.a(_udivsi3.o)
                0x0000083c                __udivsi3
                0x0000083c                __aeabi_uidiv
                0x00000930                __aeabi_uidivmod
 .text          0x00000950        0x4 /usr/lib/gcc/arm-none-eabi/13.2.1/libgcc.a(_dvmd_tls.o)
                0x00000950                __aeabi_ldiv0
                0x00000950                __aeabi_idiv0

.glue_7         0x00000954        0x0
 .glue_7        0x00000954        0x0 linker stubs

.glue_7t        0x00000954        0x0
 .glue_7t       0x00000954        0x0 linker stubs

.vfp11_veneer   0x00000954        0x0
 .vfp11_veneer  0x00000954        0x0 linker stubs

.v4_bx          0x00000954        0x0
 .v4_bx         0x00000954        0x0 linker stubs

.iplt           0x00000954        0x0
 .iplt          0x00000954        0x0 build/Entry.os

.rel.dyn        0x00000954        0x0
 .rel.iplt      0x00000954        0x0 build/Entry.os

.data           0x00000954        0x4
 *(.data)
 .data          0x00000954        0x0 build/Entry.os
 .data          0x00000954        0x0 build/Main.o
 .data          0x00000954        0x4 build/Regs.o
                0x00000954                uart
 .data          0x00000958        0x0 build/Uart.o
 .data          0x00000958        0x0 build/stdio.o
 .data          0x00000958        0x0 /usr/lib/gcc/arm-none-eabi/13.2.1/libgcc.a(_udivsi3.o)
 .data          0x00000958        0x0 /usr/lib/gcc/arm-none-eabi/13.2.1/libgcc.a(_dvmd_tls.o)

.igot.plt       0x00000958        0x0
 .igot.plt      0x00000958        0x0 build/Entry.os

.bss            0x00000958      0x400
 *(.bss)
 .bss           0x00000958        0x0 build/Entry.os
 .bss           0x00000958        0x0 build/Main.o
 .bss           0x00000958        0x0 build/Regs.o
 .bss           0x00000958        0x0 build/Uart.o
 .bss           0x00000958      0x400 build/stdio.o
 .bss           0x00000d58        0x0 /usr/lib/gcc/arm-none-eabi/13.2.1/libgcc.a(_udivsi3.o)
 .bss           0x00000d58        0x0 /usr/lib/gcc/arm-none-eabi/13.2.1/libgcc.a(_dvmd_tls.o)
OUTPUT(build/navilos.axf elf32-littlearm)
LOAD linker stubs

.ARM.attributes
                0x00000000       0x2b
 .ARM.attributes
                0x00000000       0x1d build/Entry.os
 .ARM.attributes
                0x0000001d       0x2f build/Main.o
 .ARM.attributes
                0x0000004c       0x2f build/Regs.o
 .ARM.attributes
                0x0000007b       0x2f build/Uart.o
 .ARM.attributes
                0x000000aa       0x2f build/stdio.o
 .ARM.attributes
                0x000000d9       0x1c /usr/lib/gcc/arm-none-eabi/13.2.1/libgcc.a(_udivsi3.o)
 .ARM.attributes
                0x000000f5       0x1c /usr/lib/gcc/arm-none-eabi/13.2.1/libgcc.a(_dvmd_tls.o)

.comment        0x00000000       0x26
 .comment       0x00000000       0x26 build/Main.o
                                 0x27 (size before relaxing)
 .comment       0x00000026       0x27 build/Regs.o
 .comment       0x00000026       0x27 build/Uart.o
 .comment       0x00000026       0x27 build/stdio.o

.debug_line     0x00000000      0x49a
 .debug_line    0x00000000       0x7a build/Entry.os
 .debug_line    0x0000007a       0xb9 build/Main.o
 .debug_line    0x00000133       0x4f build/Regs.o
 .debug_line    0x00000182       0xd5 build/Uart.o
 .debug_line    0x00000257      0x192 build/stdio.o
 .debug_line    0x000003e9       0x67 /usr/lib/gcc/arm-none-eabi/13.2.1/libgcc.a(_udivsi3.o)
 .debug_line    0x00000450       0x4a /usr/lib/gcc/arm-none-eabi/13.2.1/libgcc.a(_dvmd_tls.o)

.debug_line_str
                0x00000000       0xa7
 .debug_line_str
                0x00000000       0xa7 build/Entry.os
                                 0x29 (size before relaxing)
 .debug_line_str
                0x000000a7       0x7e /usr/lib/gcc/arm-none-eabi/13.2.1/libgcc.a(_udivsi3.o)
 .debug_line_str
                0x000000a7       0x7e /usr/lib/gcc/arm-none-eabi/13.2.1/libgcc.a(_dvmd_tls.o)

.debug_info     0x00000000     0x16de
 .debug_info    0x00000000       0x25 build/Entry.os
 .debug_info    0x00000025      0x162 build/Main.o
 .debug_info    0x00000187      0x8d7 build/Regs.o
 .debug_info    0x00000a5e      0x946 build/Uart.o
 .debug_info    0x000013a4      0x2c0 build/stdio.o
 .debug_info    0x00001664       0x3e /usr/lib/gcc/arm-none-eabi/13.2.1/libgcc.a(_udivsi3.o)
 .debug_info    0x000016a2       0x3c /usr/lib/gcc/arm-none-eabi/13.2.1/libgcc.a(_dvmd_tls.o)

.debug_abbrev   0x00000000      0x54e
 .debug_abbrev  0x00000000       0x14 build/Entry.os
 .debug_abbrev  0x00000014      0x122 build/Main.o
 .debug_abbrev  0x00000136      0x101 build/Regs.o
 .debug_abbrev  0x00000237      0x178 build/Uart.o
 .debug_abbrev  0x000003af      0x151 build/stdio.o
 .debug_abbrev  0x00000500       0x28 /usr/lib/gcc/arm-none-eabi/13.2.1/libgcc.a(_udivsi3.o)
 .debug_abbrev  0x00000528       0x26 /usr/lib/gcc/arm-none-eabi/13.2.1/libgcc.a(_dvmd_tls.o)

.debug_aranges  0x00000000       0xd8
 .debug_aranges
                0x00000000       0x20 build/Entry.os
 .debug_aranges
                0x00000020       0x20 build/Main.o
 .debug_aranges
                0x00000040       0x18 build/Regs.o
 .debug_aranges
                0x00000058       0x20 build/Uart.o
 .debug_aranges
                0x00000078       0x20 build/stdio.o
 .debug_aranges
                0x00000098       0x20 /usr/lib/gcc/arm-none-eabi/13.2.1/libgcc.a(_udivsi3.o)
 .debug_aranges
                0x000000b8       0x20 /usr/lib/gcc/arm-none-eabi/13.2.1/libgcc.a(_dvmd_tls.o)

.debug_str      0x00000000      0x5fe
 .debug_str     0x00000000      0x5fe build/Entry.os
                                 0x35 (size before relaxing)
 .debug_str     0x000005fe      0x16b build/Main.o
 .debug_str     0x000005fe      0x3da build/Regs.o
 .debug_str     0x000005fe      0x419 build/Uart.o
 .debug_str     0x000005fe      0x199 build/stdio.o
 .debug_str     0x000005fe       0xa5 /usr/lib/gcc/arm-none-eabi/13.2.1/libgcc.a(_udivsi3.o)
 .debug_str     0x000005fe       0xa6 /usr/lib/gcc/arm-none-eabi/13.2.1/libgcc.a(_dvmd_tls.o)

.debug_frame    0x00000000      0x1a8
 .debug_frame   0x00000000       0x6c build/Main.o
 .debug_frame   0x0000006c       0x70 build/Uart.o
 .debug_frame   0x000000dc       0xac build/stdio.o
 .debug_frame   0x00000188       0x20 /usr/lib/gcc/arm-none-eabi/13.2.1/libgcc.a(_udivsi3.o)
