Archive member included to satisfy reference by file (symbol)

/usr/lib/gcc/arm-none-eabi/13.2.1/libgcc.a(_udivsi3.o)
                              build/stdio.o (__aeabi_uidiv)
/usr/lib/gcc/arm-none-eabi/13.2.1/libgcc.a(_dvmd_tls.o)
                              /usr/lib/gcc/arm-none-eabi/13.2.1/libgcc.a(_udivsi3.o) (__aeabi_idiv0)

There are no discarded input sections

Memory Configuration

Name             Origin             Length             Attributes
*default*        0x00000000         0xffffffff

Linker script and memory map

LOAD build/Entry.os
LOAD build/Handler.o
LOAD build/Main.o
LOAD build/Interrupt.o
LOAD build/Uart.o
LOAD build/armcpu.o
LOAD build/stdio.o
LOAD /usr/lib/gcc/arm-none-eabi/13.2.1/libgcc.a
                0x00000000                        . = 0x0

.text           0x00000000      0xd28
 *(vector_start)
 *(.text .rodata)
 .text          0x00000000       0xd4 build/Entry.os
                0x00000000                vector_start
                0x0000003c                vector_end
 .text          0x000000d4       0x24 build/Handler.o
                0x000000d4                irq_handler
                0x000000f0                fiq_handler
 .text          0x000000f8       0xfc build/Main.o
                0x000000f8                main
 .rodata        0x000001f4       0x97 build/Main.o
 *fill*         0x0000028b        0x1 
 .text          0x0000028c      0x2f8 build/Interrupt.o
                0x0000028c                hal_interrupt_init
                0x00000328                hal_interrupt_enable
                0x000003f4                hal_interrupt_disable
                0x000004c8                hal_interrupt_register_handler
                0x00000500                hal_interrupt_run_handler
 .text          0x00000584      0x1b0 build/Uart.o
                0x00000584                hal_uart_init
                0x00000624                hal_uart_put_char
                0x00000680                hal_uart_get_char
 .text          0x00000734       0xb0 build/armcpu.o
                0x00000734                enable_irq
                0x00000760                disable_irq
                0x0000078c                enable_fiq
                0x000007b8                disable_fiq
 .text          0x000007e4      0x424 build/stdio.o
                0x000007e4                putstr
                0x00000844                debug_printf
                0x00000894                vsprintf
                0x00000af4                utoa
 .rodata        0x00000c08        0x7 build/stdio.o
 *fill*         0x00000c0f        0x1 
 .text          0x00000c10      0x114 /usr/lib/gcc/arm-none-eabi/13.2.1/libgcc.a(_udivsi3.o)
                0x00000c10                __udivsi3
                0x00000c10                __aeabi_uidiv
                0x00000d04                __aeabi_uidivmod
 .text          0x00000d24        0x4 /usr/lib/gcc/arm-none-eabi/13.2.1/libgcc.a(_dvmd_tls.o)
                0x00000d24                __aeabi_ldiv0
                0x00000d24                __aeabi_idiv0

.glue_7         0x00000d28        0x0
 .glue_7        0x00000d28        0x0 linker stubs

.glue_7t        0x00000d28        0x0
 .glue_7t       0x00000d28        0x0 linker stubs

.vfp11_veneer   0x00000d28        0x0
 .vfp11_veneer  0x00000d28        0x0 linker stubs

.v4_bx          0x00000d28        0x0
 .v4_bx         0x00000d28        0x0 linker stubs

.iplt           0x00000d28        0x0
 .iplt          0x00000d28        0x0 build/Entry.os

.rel.dyn        0x00000d28        0x0
 .rel.iplt      0x00000d28        0x0 build/Entry.os

.data           0x00000d28        0xc
 *(.data)
 .data          0x00000d28        0x0 build/Entry.os
 .data          0x00000d28        0x0 build/Handler.o
 .data          0x00000d28        0x0 build/Main.o
 .data          0x00000d28        0x8 build/Interrupt.o
                0x00000d28                gicCpu
                0x00000d2c                gicDist
 .data          0x00000d30        0x4 build/Uart.o
                0x00000d30                uart
 .data          0x00000d34        0x0 build/armcpu.o
 .data          0x00000d34        0x0 build/stdio.o
 .data          0x00000d34        0x0 /usr/lib/gcc/arm-none-eabi/13.2.1/libgcc.a(_udivsi3.o)
 .data          0x00000d34        0x0 /usr/lib/gcc/arm-none-eabi/13.2.1/libgcc.a(_dvmd_tls.o)

.igot.plt       0x00000d34        0x0
 .igot.plt      0x00000d34        0x0 build/Entry.os

.bss            0x00000d34      0x7fc
 *(.bss)
 .bss           0x00000d34        0x0 build/Entry.os
 .bss           0x00000d34        0x0 build/Handler.o
 .bss           0x00000d34        0x0 build/Main.o
 .bss           0x00000d34      0x3fc build/Interrupt.o
 .bss           0x00001130        0x0 build/Uart.o
 .bss           0x00001130        0x0 build/armcpu.o
 .bss           0x00001130      0x400 build/stdio.o
 .bss           0x00001530        0x0 /usr/lib/gcc/arm-none-eabi/13.2.1/libgcc.a(_udivsi3.o)
 .bss           0x00001530        0x0 /usr/lib/gcc/arm-none-eabi/13.2.1/libgcc.a(_dvmd_tls.o)
OUTPUT(build/navilos.axf elf32-littlearm)
LOAD linker stubs

.ARM.attributes
                0x00000000       0x2b
 .ARM.attributes
                0x00000000       0x1d build/Entry.os
 .ARM.attributes
                0x0000001d       0x2f build/Handler.o
 .ARM.attributes
                0x0000004c       0x2f build/Main.o
 .ARM.attributes
                0x0000007b       0x2f build/Interrupt.o
 .ARM.attributes
                0x000000aa       0x2f build/Uart.o
 .ARM.attributes
                0x000000d9       0x2f build/armcpu.o
 .ARM.attributes
                0x00000108       0x2f build/stdio.o
 .ARM.attributes
                0x00000137       0x1c /usr/lib/gcc/arm-none-eabi/13.2.1/libgcc.a(_udivsi3.o)
 .ARM.attributes
                0x00000153       0x1c /usr/lib/gcc/arm-none-eabi/13.2.1/libgcc.a(_dvmd_tls.o)

.comment        0x00000000       0x26
 .comment       0x00000000       0x26 build/Handler.o
                                 0x27 (size before relaxing)
 .comment       0x00000026       0x27 build/Main.o
 .comment       0x00000026       0x27 build/Interrupt.o
 .comment       0x00000026       0x27 build/Uart.o
 .comment       0x00000026       0x27 build/armcpu.o
 .comment       0x00000026       0x27 build/stdio.o

.debug_line     0x00000000      0x683
 .debug_line    0x00000000       0x7a build/Entry.os
 .debug_line    0x0000007a       0x60 build/Handler.o
 .debug_line    0x000000da       0xbc build/Main.o
 .debug_line    0x00000196      0x139 build/Interrupt.o
 .debug_line    0x000002cf      0x103 build/Uart.o
 .debug_line    0x000003d2       0x6d build/armcpu.o
 .debug_line    0x0000043f      0x193 build/stdio.o
 .debug_line    0x000005d2       0x67 /usr/lib/gcc/arm-none-eabi/13.2.1/libgcc.a(_udivsi3.o)
 .debug_line    0x00000639       0x4a /usr/lib/gcc/arm-none-eabi/13.2.1/libgcc.a(_dvmd_tls.o)

.debug_line_str
                0x00000000       0xa8
 .debug_line_str
                0x00000000       0xa8 build/Entry.os
                                 0x2a (size before relaxing)
 .debug_line_str
                0x000000a8       0x7e /usr/lib/gcc/arm-none-eabi/13.2.1/libgcc.a(_udivsi3.o)
 .debug_line_str
                0x000000a8       0x7e /usr/lib/gcc/arm-none-eabi/13.2.1/libgcc.a(_dvmd_tls.o)

.debug_info     0x00000000     0x14ee
 .debug_info    0x00000000       0x25 build/Entry.os
 .debug_info    0x00000025       0x8b build/Handler.o
 .debug_info    0x000000b0      0x145 build/Main.o
 .debug_info    0x000001f5      0x5c1 build/Interrupt.o
 .debug_info    0x000007b6      0x9a7 build/Uart.o
 .debug_info    0x0000115d       0x67 build/armcpu.o
 .debug_info    0x000011c4      0x2b0 build/stdio.o
 .debug_info    0x00001474       0x3e /usr/lib/gcc/arm-none-eabi/13.2.1/libgcc.a(_udivsi3.o)
 .debug_info    0x000014b2       0x3c /usr/lib/gcc/arm-none-eabi/13.2.1/libgcc.a(_dvmd_tls.o)

.debug_abbrev   0x00000000      0x6db
 .debug_abbrev  0x00000000       0x14 build/Entry.os
 .debug_abbrev  0x00000014       0x6f build/Handler.o
 .debug_abbrev  0x00000083      0x105 build/Main.o
 .debug_abbrev  0x00000188      0x1bd build/Interrupt.o
 .debug_abbrev  0x00000345      0x1c8 build/Uart.o
 .debug_abbrev  0x0000050d       0x2f build/armcpu.o
 .debug_abbrev  0x0000053c      0x151 build/stdio.o
 .debug_abbrev  0x0000068d       0x28 /usr/lib/gcc/arm-none-eabi/13.2.1/libgcc.a(_udivsi3.o)
 .debug_abbrev  0x000006b5       0x26 /usr/lib/gcc/arm-none-eabi/13.2.1/libgcc.a(_dvmd_tls.o)

.debug_aranges  0x00000000      0x120
 .debug_aranges
                0x00000000       0x20 build/Entry.os
 .debug_aranges
                0x00000020       0x20 build/Handler.o
 .debug_aranges
                0x00000040       0x20 build/Main.o
 .debug_aranges
                0x00000060       0x20 build/Interrupt.o
 .debug_aranges
                0x00000080       0x20 build/Uart.o
 .debug_aranges
                0x000000a0       0x20 build/armcpu.o
 .debug_aranges
                0x000000c0       0x20 build/stdio.o
 .debug_aranges
                0x000000e0       0x20 /usr/lib/gcc/arm-none-eabi/13.2.1/libgcc.a(_udivsi3.o)
 .debug_aranges
                0x00000100       0x20 /usr/lib/gcc/arm-none-eabi/13.2.1/libgcc.a(_dvmd_tls.o)

.debug_str      0x00000000      0x87c
 .debug_str     0x00000000      0x87c build/Entry.os
                                 0x36 (size before relaxing)
 .debug_str     0x0000087c      0x123 build/Handler.o
 .debug_str     0x0000087c      0x16c build/Main.o
 .debug_str     0x0000087c      0x3b4 build/Interrupt.o
 .debug_str     0x0000087c      0x481 build/Uart.o
 .debug_str     0x0000087c       0xb4 build/armcpu.o
 .debug_str     0x0000087c      0x18a build/stdio.o
 .debug_str     0x0000087c       0xa5 /usr/lib/gcc/arm-none-eabi/13.2.1/libgcc.a(_udivsi3.o)
 .debug_str     0x0000087c       0xa6 /usr/lib/gcc/arm-none-eabi/13.2.1/libgcc.a(_dvmd_tls.o)

.debug_frame    0x00000000      0x350
 .debug_frame   0x00000000       0x50 build/Handler.o
 .debug_frame   0x00000050       0x68 build/Main.o
 .debug_frame   0x000000b8       0xb0 build/Interrupt.o
 .debug_frame   0x00000168       0x8c build/Uart.o
 .debug_frame   0x000001f4       0x90 build/armcpu.o
 .debug_frame   0x00000284       0xac build/stdio.o
 .debug_frame   0x00000330       0x20 /usr/lib/gcc/arm-none-eabi/13.2.1/libgcc.a(_udivsi3.o)
