Archive member included to satisfy reference by file (symbol)

/usr/lib/gcc/arm-none-eabi/13.2.1/libgcc.a(_udivsi3.o)
                              build/stdio.o (__aeabi_uidiv)
/usr/lib/gcc/arm-none-eabi/13.2.1/libgcc.a(_dvmd_tls.o)
                              /usr/lib/gcc/arm-none-eabi/13.2.1/libgcc.a(_udivsi3.o) (__aeabi_idiv0)

There are no discarded input sections

Memory Configuration

Name             Origin             Length             Attributes
*default*        0x00000000         0xffffffff

Linker script and memory map

LOAD build/Entry.os
LOAD build/Handler.o
LOAD build/Main.o
LOAD build/Interrupt.o
LOAD build/Regs.o
LOAD build/Timer.o
LOAD build/Uart.o
LOAD build/armcpu.o
LOAD build/stdio.o
LOAD build/stdlib.o
LOAD /usr/lib/gcc/arm-none-eabi/13.2.1/libgcc.a
                0x00000000                        . = 0x0

.text           0x00000000      0xfd4
 *(vector_start)
 *(.text .rodata)
 .text          0x00000000       0xd4 build/Entry.os
                0x00000000                vector_start
                0x0000003c                vector_end
 .text          0x000000d4       0x24 build/Handler.o
                0x000000d4                irq_handler
                0x000000f0                fiq_handler
 .text          0x000000f8      0x130 build/Main.o
                0x000000f8                main
 .rodata        0x00000228       0xb2 build/Main.o
 *fill*         0x000002da        0x2 
 .text          0x000002dc      0x2f8 build/Interrupt.o
                0x000002dc                hal_interrupt_init
                0x00000378                hal_interrupt_enable
                0x00000444                hal_interrupt_disable
                0x00000518                hal_interrupt_register_handler
                0x00000550                hal_interrupt_run_handler
 .text          0x000005d4        0x0 build/Regs.o
 .text          0x000005d4      0x210 build/Timer.o
                0x000005d4                hal_timer_init
                0x00000778                hal_timer_get_1ms_counter
 .text          0x000007e4      0x1b0 build/Uart.o
                0x000007e4                hal_uart_init
                0x00000884                hal_uart_put_char
                0x000008e0                hal_uart_get_char
 .text          0x00000994       0xb0 build/armcpu.o
                0x00000994                enable_irq
                0x000009c0                disable_irq
                0x000009ec                enable_fiq
                0x00000a18                disable_fiq
 .text          0x00000a44      0x424 build/stdio.o
                0x00000a44                putstr
                0x00000aa4                debug_printf
                0x00000af4                vsprintf
                0x00000d54                utoa
 .rodata        0x00000e68        0x7 build/stdio.o
 *fill*         0x00000e6f        0x1 
 .text          0x00000e70       0x4c build/stdlib.o
                0x00000e70                delay
 .text          0x00000ebc      0x114 /usr/lib/gcc/arm-none-eabi/13.2.1/libgcc.a(_udivsi3.o)
                0x00000ebc                __udivsi3
                0x00000ebc                __aeabi_uidiv
                0x00000fb0                __aeabi_uidivmod
 .text          0x00000fd0        0x4 /usr/lib/gcc/arm-none-eabi/13.2.1/libgcc.a(_dvmd_tls.o)
                0x00000fd0                __aeabi_ldiv0
                0x00000fd0                __aeabi_idiv0

.glue_7         0x00000fd4        0x0
 .glue_7        0x00000fd4        0x0 linker stubs

.glue_7t        0x00000fd4        0x0
 .glue_7t       0x00000fd4        0x0 linker stubs

.vfp11_veneer   0x00000fd4        0x0
 .vfp11_veneer  0x00000fd4        0x0 linker stubs

.v4_bx          0x00000fd4        0x0
 .v4_bx         0x00000fd4        0x0 linker stubs

.iplt           0x00000fd4        0x0
 .iplt          0x00000fd4        0x0 build/Entry.os

.rel.dyn        0x00000fd4        0x0
 .rel.iplt      0x00000fd4        0x0 build/Entry.os

.data           0x00000fd4       0x10
 *(.data)
 .data          0x00000fd4        0x0 build/Entry.os
 .data          0x00000fd4        0x0 build/Handler.o
 .data          0x00000fd4        0x0 build/Main.o
 .data          0x00000fd4        0x0 build/Interrupt.o
 .data          0x00000fd4       0x10 build/Regs.o
                0x00000fd4                uart
                0x00000fd8                gicCpu
                0x00000fdc                gicDist
                0x00000fe0                timer
 .data          0x00000fe4        0x0 build/Timer.o
 .data          0x00000fe4        0x0 build/Uart.o
 .data          0x00000fe4        0x0 build/armcpu.o
 .data          0x00000fe4        0x0 build/stdio.o
 .data          0x00000fe4        0x0 build/stdlib.o
 .data          0x00000fe4        0x0 /usr/lib/gcc/arm-none-eabi/13.2.1/libgcc.a(_udivsi3.o)
 .data          0x00000fe4        0x0 /usr/lib/gcc/arm-none-eabi/13.2.1/libgcc.a(_dvmd_tls.o)

.igot.plt       0x00000fe4        0x0
 .igot.plt      0x00000fe4        0x0 build/Entry.os

.bss            0x00000fe4      0x800
 *(.bss)
 .bss           0x00000fe4        0x0 build/Entry.os
 .bss           0x00000fe4        0x0 build/Handler.o
 .bss           0x00000fe4        0x0 build/Main.o
 .bss           0x00000fe4      0x3fc build/Interrupt.o
 .bss           0x000013e0        0x0 build/Regs.o
 .bss           0x000013e0        0x4 build/Timer.o
 .bss           0x000013e4        0x0 build/Uart.o
 .bss           0x000013e4        0x0 build/armcpu.o
 .bss           0x000013e4      0x400 build/stdio.o
 .bss           0x000017e4        0x0 build/stdlib.o
 .bss           0x000017e4        0x0 /usr/lib/gcc/arm-none-eabi/13.2.1/libgcc.a(_udivsi3.o)
 .bss           0x000017e4        0x0 /usr/lib/gcc/arm-none-eabi/13.2.1/libgcc.a(_dvmd_tls.o)
OUTPUT(build/navilos.axf elf32-littlearm)
LOAD linker stubs

.ARM.attributes
                0x00000000       0x2b
 .ARM.attributes
                0x00000000       0x1d build/Entry.os
 .ARM.attributes
                0x0000001d       0x2f build/Handler.o
 .ARM.attributes
                0x0000004c       0x2f build/Main.o
 .ARM.attributes
                0x0000007b       0x2f build/Interrupt.o
 .ARM.attributes
                0x000000aa       0x2f build/Regs.o
 .ARM.attributes
                0x000000d9       0x2f build/Timer.o
 .ARM.attributes
                0x00000108       0x2f build/Uart.o
 .ARM.attributes
                0x00000137       0x2f build/armcpu.o
 .ARM.attributes
                0x00000166       0x2f build/stdio.o
 .ARM.attributes
                0x00000195       0x2f build/stdlib.o
 .ARM.attributes
                0x000001c4       0x1c /usr/lib/gcc/arm-none-eabi/13.2.1/libgcc.a(_udivsi3.o)
 .ARM.attributes
                0x000001e0       0x1c /usr/lib/gcc/arm-none-eabi/13.2.1/libgcc.a(_dvmd_tls.o)

.comment        0x00000000       0x26
 .comment       0x00000000       0x26 build/Handler.o
                                 0x27 (size before relaxing)
 .comment       0x00000026       0x27 build/Main.o
 .comment       0x00000026       0x27 build/Interrupt.o
 .comment       0x00000026       0x27 build/Regs.o
 .comment       0x00000026       0x27 build/Timer.o
 .comment       0x00000026       0x27 build/Uart.o
 .comment       0x00000026       0x27 build/armcpu.o
 .comment       0x00000026       0x27 build/stdio.o
 .comment       0x00000026       0x27 build/stdlib.o

.debug_line     0x00000000      0x893
 .debug_line    0x00000000       0x7a build/Entry.os
 .debug_line    0x0000007a       0x60 build/Handler.o
 .debug_line    0x000000da       0xeb build/Main.o
 .debug_line    0x000001c5      0x139 build/Interrupt.o
 .debug_line    0x000002fe       0x69 build/Regs.o
 .debug_line    0x00000367       0xf7 build/Timer.o
 .debug_line    0x0000045e      0x103 build/Uart.o
 .debug_line    0x00000561       0x6d build/armcpu.o
 .debug_line    0x000005ce      0x193 build/stdio.o
 .debug_line    0x00000761       0x81 build/stdlib.o
 .debug_line    0x000007e2       0x67 /usr/lib/gcc/arm-none-eabi/13.2.1/libgcc.a(_udivsi3.o)
 .debug_line    0x00000849       0x4a /usr/lib/gcc/arm-none-eabi/13.2.1/libgcc.a(_dvmd_tls.o)

.debug_line_str
                0x00000000       0xa7
 .debug_line_str
                0x00000000       0xa7 build/Entry.os
                                 0x29 (size before relaxing)
 .debug_line_str
                0x000000a7       0x7e /usr/lib/gcc/arm-none-eabi/13.2.1/libgcc.a(_udivsi3.o)
 .debug_line_str
                0x000000a7       0x7e /usr/lib/gcc/arm-none-eabi/13.2.1/libgcc.a(_dvmd_tls.o)

.debug_info     0x00000000     0x281c
 .debug_info    0x00000000       0x25 build/Entry.os
 .debug_info    0x00000025       0x8b build/Handler.o
 .debug_info    0x000000b0      0x176 build/Main.o
 .debug_info    0x00000226      0x5b5 build/Interrupt.o
 .debug_info    0x000007db      0xfc9 build/Regs.o
 .debug_info    0x000017a4      0x29f build/Timer.o
 .debug_info    0x00001a43      0x9a1 build/Uart.o
 .debug_info    0x000023e4       0x67 build/armcpu.o
 .debug_info    0x0000244b      0x2b0 build/stdio.o
 .debug_info    0x000026fb       0xa7 build/stdlib.o
 .debug_info    0x000027a2       0x3e /usr/lib/gcc/arm-none-eabi/13.2.1/libgcc.a(_udivsi3.o)
 .debug_info    0x000027e0       0x3c /usr/lib/gcc/arm-none-eabi/13.2.1/libgcc.a(_dvmd_tls.o)

.debug_abbrev   0x00000000      0x9fd
 .debug_abbrev  0x00000000       0x14 build/Entry.os
 .debug_abbrev  0x00000014       0x6f build/Handler.o
 .debug_abbrev  0x00000083      0x11d build/Main.o
 .debug_abbrev  0x000001a0      0x1bd build/Interrupt.o
 .debug_abbrev  0x0000035d      0x121 build/Regs.o
 .debug_abbrev  0x0000047e      0x160 build/Timer.o
 .debug_abbrev  0x000005de      0x1c8 build/Uart.o
 .debug_abbrev  0x000007a6       0x2f build/armcpu.o
 .debug_abbrev  0x000007d5      0x151 build/stdio.o
 .debug_abbrev  0x00000926       0x89 build/stdlib.o
 .debug_abbrev  0x000009af       0x28 /usr/lib/gcc/arm-none-eabi/13.2.1/libgcc.a(_udivsi3.o)
 .debug_abbrev  0x000009d7       0x26 /usr/lib/gcc/arm-none-eabi/13.2.1/libgcc.a(_dvmd_tls.o)

.debug_aranges  0x00000000      0x178
 .debug_aranges
                0x00000000       0x20 build/Entry.os
 .debug_aranges
                0x00000020       0x20 build/Handler.o
 .debug_aranges
                0x00000040       0x20 build/Main.o
 .debug_aranges
                0x00000060       0x20 build/Interrupt.o
 .debug_aranges
                0x00000080       0x18 build/Regs.o
 .debug_aranges
                0x00000098       0x20 build/Timer.o
 .debug_aranges
                0x000000b8       0x20 build/Uart.o
 .debug_aranges
                0x000000d8       0x20 build/armcpu.o
 .debug_aranges
                0x000000f8       0x20 build/stdio.o
 .debug_aranges
                0x00000118       0x20 build/stdlib.o
 .debug_aranges
                0x00000138       0x20 /usr/lib/gcc/arm-none-eabi/13.2.1/libgcc.a(_udivsi3.o)
 .debug_aranges
                0x00000158       0x20 /usr/lib/gcc/arm-none-eabi/13.2.1/libgcc.a(_dvmd_tls.o)

.debug_str      0x00000000      0x9e1
 .debug_str     0x00000000      0x9e1 build/Entry.os
                                 0x35 (size before relaxing)
 .debug_str     0x000009e1      0x122 build/Handler.o
 .debug_str     0x000009e1      0x1a5 build/Main.o
 .debug_str     0x000009e1      0x3b3 build/Interrupt.o
 .debug_str     0x000009e1      0x69c build/Regs.o
 .debug_str     0x000009e1      0x291 build/Timer.o
 .debug_str     0x000009e1      0x480 build/Uart.o
 .debug_str     0x000009e1       0xb3 build/armcpu.o
 .debug_str     0x000009e1      0x189 build/stdio.o
 .debug_str     0x000009e1      0x11c build/stdlib.o
 .debug_str     0x000009e1       0xa5 /usr/lib/gcc/arm-none-eabi/13.2.1/libgcc.a(_udivsi3.o)
 .debug_str     0x000009e1       0xa6 /usr/lib/gcc/arm-none-eabi/13.2.1/libgcc.a(_dvmd_tls.o)

.debug_frame    0x00000000      0x40c
 .debug_frame   0x00000000       0x50 build/Handler.o
 .debug_frame   0x00000050       0x84 build/Main.o
 .debug_frame   0x000000d4       0xb0 build/Interrupt.o
 .debug_frame   0x00000184       0x70 build/Timer.o
 .debug_frame   0x000001f4       0x8c build/Uart.o
 .debug_frame   0x00000280       0x90 build/armcpu.o
 .debug_frame   0x00000310       0xac build/stdio.o
 .debug_frame   0x000003bc       0x30 build/stdlib.o
 .debug_frame   0x000003ec       0x20 /usr/lib/gcc/arm-none-eabi/13.2.1/libgcc.a(_udivsi3.o)
